D:\高勝\20190428\SBMMWorkSpace\sbmm\src\main\java\com\kou\sbmm\dao\Spmmdb0001Dao.java
D:\高勝\20190428\SBMMWorkSpace\sbmm\src\main\java\com\kou\sbmm\form\validator\CheckFeildEqual.java
D:\高勝\20190428\SBMMWorkSpace\sbmm\src\main\java\com\kou\sbmm\form\MessageForm.java
D:\高勝\20190428\SBMMWorkSpace\sbmm\src\main\java\com\kou\sbmm\SbmmApplication.java
D:\高勝\20190428\SBMMWorkSpace\sbmm\src\main\java\com\kou\sbmm\FilterConfig.java
D:\高勝\20190428\SBMMWorkSpace\sbmm\src\main\java\com\kou\sbmm\dao\Spmmdb0002Dao.java
D:\高勝\20190428\SBMMWorkSpace\sbmm\src\main\java\com\kou\sbmm\service\impl\Spmmdb0001ServiceImpl.java
D:\高勝\20190428\SBMMWorkSpace\sbmm\src\main\java\com\kou\sbmm\entity\Spmmdb0002.java
D:\高勝\20190428\SBMMWorkSpace\sbmm\src\main\java\com\kou\sbmm\service\impl\Spmmdb0002ServiceImpl.java
D:\高勝\20190428\SBMMWorkSpace\sbmm\src\main\java\com\kou\sbmm\service\Spmmdb0001Service.java
D:\高勝\20190428\SBMMWorkSpace\sbmm\src\main\java\com\kou\sbmm\entity\Spmmdb0001.java
D:\高勝\20190428\SBMMWorkSpace\sbmm\src\main\java\com\kou\sbmm\form\AccForm.java
D:\高勝\20190428\SBMMWorkSpace\sbmm\src\main\java\com\kou\sbmm\I18nConfig.java
D:\高勝\20190428\SBMMWorkSpace\sbmm\src\main\java\com\kou\sbmm\service\Spmmdb0002Service.java
D:\高勝\20190428\SBMMWorkSpace\sbmm\src\main\java\com\kou\sbmm\controller\SBMMController.java
D:\高勝\20190428\SBMMWorkSpace\sbmm\src\main\java\com\kou\sbmm\LogCostFilter.java
D:\高勝\20190428\SBMMWorkSpace\sbmm\src\main\java\com\kou\sbmm\form\ProfileForm.java
D:\高勝\20190428\SBMMWorkSpace\sbmm\src\main\java\com\kou\sbmm\form\validator\CheckFeildEqualValidator.java
D:\高勝\20190428\SBMMWorkSpace\sbmm\src\main\java\com\kou\sbmm\form\LoginForm.java
